IQ-TREE multicore version 2.3.4 COVID-edition for MacOS Intel 64-bit built Apr 27 2024
Developed by Bui Quang Minh, James Barbetti, Nguyen Lam Tung, Olga Chernomor,
Heiko Schmidt, Dominik Schrempf, Michael Woodhams, Ly Trong Nhan, Thomas Wong

Host:    Lukes-MacBook-Air-2.local (AVX2, FMA3, 8 GB RAM)
Command: ./bin/iqtree2 -s /Users/lukearcher/Desktop/120624_VCFs/030724.INDIVIDUALS.Neis.dist.4ds.phy -m MK+I{0.0715467}+G4{0.241375} -b 1000 -bnni -T 4 -redo
Seed:    347852 (Using SPRNG - Scalable Parallel Random Number Generator)
Time:    Wed Jul  3 15:43:20 2024
Kernel:  AVX+FMA - 4 threads (4 CPU cores detected)

Reading alignment file /Users/lukearcher/Desktop/120624_VCFs/030724.INDIVIDUALS.Neis.dist.4ds.phy ... Phylip format detected
Alignment most likely contains 10-state morphological data
WARNING: 108 sites contain only gaps or ambiguous characters.
Alignment has 108 sequences with 756 columns, 489 distinct patterns
529 parsimony-informative, 11 singleton sites, 216 constant sites
         Gap/Ambiguity  Composition  p-value
Analyzing sequences: done in 0.000454903 secs using 92.77% CPU
   1  AAH_1     14.29%    failed      0.00%
   2  AAH_2     14.29%    failed      0.00%
   3  AAH_3     14.29%    failed      0.00%
   4  AAH_4     14.29%    failed      0.00%
   5  ALO_006   14.29%    passed     41.85%
   6  ALO_007   14.29%    failed      1.59%
   7  ALO_013   14.29%    passed      6.19%
   8  ALO_017   14.29%    passed      9.55%
   9  BNK_21    14.29%    passed     16.93%
  10  BRE_1     14.29%    failed      0.02%
  11  CHA_1     14.29%    failed      0.17%
  12  CHA_2     14.29%    failed      0.01%
  13  CUM_1     14.29%    failed      2.19%
  14  DAR_1     14.29%    failed      0.00%
  15  DAR_3     14.29%    failed      0.28%
  16  ELI_001   14.29%    passed     24.66%
  17  ELI_002   14.29%    failed      2.74%
  18  ELI_003   14.29%    passed      6.55%
  19  ELI_004   14.29%    passed     77.59%
  20  ERS_1     14.29%    passed     11.45%
  21  ERS_2     14.29%    failed      2.00%
  22  ERS_3     14.29%    failed      0.80%
  23  ERS_4     14.29%    passed     12.50%
  24  FOR_1     14.29%    failed      0.02%
  25  FRE_013   14.29%    passed     13.87%
  26  FTW_1     14.29%    passed     13.03%
  27  FTW_2     14.29%    passed      7.10%
  28  FTW_3     14.29%    passed     67.27%
  29  FTW_5     14.29%    passed     89.29%
  30  GEO_2     14.29%    failed      3.16%
  31  GEO_6     14.29%    passed     59.57%
  32  Iab_1     14.29%    failed      0.00%
  33  Iab_2     14.29%    failed      0.00%
  34  Iac       14.29%    failed      0.03%
  35  Ime       14.29%    failed      0.98%
  36  JON_001   14.29%    passed     30.06%
  37  JOR_1     14.29%    failed      0.10%
  38  JOR_12    14.29%    failed      0.38%
  39  JOR_13    14.29%    failed      1.23%
  40  JOR_3     14.29%    failed      0.00%
  41  LAB_004   14.29%    passed      5.35%
  42  LAB_1     14.29%    failed      0.03%
  43  LAB_2     14.29%    failed      0.03%
  44  LAB_300   14.29%    failed      0.50%
  45  LAB_4     14.29%    failed      0.05%
  46  LAB_400   14.29%    failed      0.60%
  47  LAB_5     14.29%    failed      0.02%
  48  LAB_500   14.29%    failed      0.02%
  49  LAL_1     14.29%    failed      0.00%
  50  LAL_2     14.29%    failed      0.06%
  51  LAL_3     14.29%    passed      7.20%
  52  LAL_4     14.29%    failed      0.79%
  53  LNL_001   14.29%    passed     49.94%
  54  LNL_002   14.29%    failed      0.24%
  55  LNL_003   14.29%    failed      0.13%
  56  LNL_008   14.29%    failed      0.62%
  57  LOS_1     14.29%    passed     13.78%
  58  LOS_6     14.29%    passed      8.79%
  59  LOS_7     14.29%    passed     36.96%
  60  LWS       14.29%    failed      0.00%
  61  NEI_1     14.29%    passed     74.26%
  62  NEI_3     14.29%    passed     28.53%
  63  NEI_8     14.29%    failed      0.28%
  64  NEI_9     14.29%    passed      5.14%
  65  NEN_001   14.29%    failed      0.08%
  66  NEN_003   14.29%    failed      0.32%
  67  NEN_200   14.29%    passed     23.48%
  68  NEN_300   14.29%    failed      0.06%
  69  NEN_4     14.29%    failed      0.66%
  70  NEN_5     14.29%    failed      0.00%
  71  NEN_6     14.29%    failed      0.57%
  72  NOT       14.29%    failed      0.00%
  73  ODN_10    14.29%    failed      0.00%
  74  ODN_2     14.29%    failed      0.00%
  75  ODN_4     14.29%    failed      0.00%
  76  ODN_5     14.29%    failed      0.00%
  77  ODN_6     14.29%    failed      0.00%
  78  ODN_7     14.29%    failed      0.00%
  79  ODN_9     14.29%    failed      0.00%
  80  PAR_2     14.29%    failed      0.12%
  81  Pen_1     14.29%    failed      0.11%
  82  ROT_004   14.29%    passed     76.77%
  83  ROT_006   14.29%    passed      9.68%
  84  ROT_007   14.29%    passed     78.66%
  85  ROT_013   14.29%    passed      7.35%
  86  RYE_1     14.29%    failed      0.02%
  87  SCO_1     14.29%    failed      0.11%
  88  SCU_14    14.29%    passed     59.48%
  89  SCU_15    14.29%    passed     56.50%
  90  SCU_16    14.29%    passed     37.53%
  91  SCU_19    14.29%    passed      5.60%
  92  SKF_002   14.29%    failed      1.77%
  93  SKF_003   14.29%    passed     45.24%
  94  SKF_005   14.29%    passed     35.80%
  95  SKF_009   14.29%    passed     11.21%
  96  SKN_001   14.29%    passed      5.23%
  97  SKN_002   14.29%    passed     81.99%
  98  SKN_005   14.29%    failed      0.32%
  99  SKN_008   14.29%    passed     17.10%
 100  SPEY_2    14.29%    failed      0.29%
 101  SPU_006   14.29%    passed     50.76%
 102  SPU_008   14.29%    passed     36.00%
 103  SPU_009   14.29%    failed      4.17%
 104  SPU_010   14.29%    failed      0.70%
 105  TET_002   14.29%    passed      5.43%
 106  TET_004   14.29%    passed      7.51%
 107  TET_006   14.29%    passed     50.26%
 108  TET_008   14.29%    passed     15.83%
****  TOTAL     14.29%  62 sequences failed composition chi2 test (p-value<5%; df=9)

===> START BOOTSTRAP REPLICATE NUMBER 1

Creating bootstrap alignment (seed: 347852)...
Creating fast initial parsimony tree by random order stepwise addition...
0.174 seconds, parsimony score: 26356 (based on 554 sites)

NOTE: 11 MB RAM (0 GB) is required!
Estimate model parameters (epsilon = 0.100)
1. Initial log-likelihood: -95449.200
2. Current log-likelihood: -93810.272
3. Current log-likelihood: -93757.839
4. Current log-likelihood: -93752.964
5. Current log-likelihood: -93751.884
6. Current log-likelihood: -93751.716
Optimal log-likelihood: -93751.623
Proportion of invariable sites: 0.072
Gamma shape alpha: 0.241
Parameters optimization took 6 rounds (0.922 sec)
Wrote distance file to... 
Computing ML distances based on estimated model parameters...
Calculating distance matrix: done in 0.844764 secs using 192.9% CPU
Computing ML distances took 0.846339 sec (of wall-clock time) 1.630051 sec (of CPU time)
WARNING: Some pairwise ML distances are too long (saturated)
Setting up auxiliary I and S matrices: done in 0.000326872 secs using 181.1% CPU
Computing RapidNJ tree took 0.001414 sec (of wall-clock time) 0.002486 sec (of CPU time)
Log-likelihood of RapidNJ tree: -93688.352
--------------------------------------------------------------------
|             INITIALIZING CANDIDATE TREE SET                      |
--------------------------------------------------------------------
Generating 98 parsimony trees... 1.143 second
Computing log-likelihood of 98 initial trees ... 4.093 seconds
Current best score: -93462.039

Do NNI search on 20 best initial trees
Estimate model parameters (epsilon = 0.100)
BETTER TREE FOUND at iteration 1: -92743.229
Estimate model parameters (epsilon = 0.100)
BETTER TREE FOUND at iteration 2: -92518.377
Iteration 10 / LogL: -92762.584 / Time: 0h:0m:22s
Estimate model parameters (epsilon = 0.100)
BETTER TREE FOUND at iteration 12: -92313.546
Iteration 20 / LogL: -93144.294 / Time: 0h:0m:37s
Finish initializing candidate tree set (20)
Current best tree score: -92313.546 / CPU time: 33.011
Number of iterations: 20
--------------------------------------------------------------------
|               OPTIMIZING CANDIDATE TREE SET                      |
--------------------------------------------------------------------
Iteration 30 / LogL: -92489.361 / Time: 0h:0m:49s (0h:2m:19s left)
Estimate model parameters (epsilon = 0.100)
BETTER TREE FOUND at iteration 34: -92312.234
Iteration 40 / LogL: -92331.212 / Time: 0h:0m:59s (0h:2m:22s left)
Estimate model parameters (epsilon = 0.100)
BETTER TREE FOUND at iteration 41: -92311.949
Estimate model parameters (epsilon = 0.100)
BETTER TREE FOUND at iteration 42: -92309.996
Estimate model parameters (epsilon = 0.100)
BETTER TREE FOUND at iteration 44: -92275.252
Iteration 50 / LogL: -92391.071 / Time: 0h:1m:16s (0h:2m:27s left)
Estimate model parameters (epsilon = 0.100)
BETTER TREE FOUND at iteration 56: -92272.624
Iteration 60 / LogL: -92320.403 / Time: 0h:1m:30s (0h:2m:26s left)
Estimate model parameters (epsilon = 0.100)
BETTER TREE FOUND at iteration 62: -92272.370
Estimate model parameters (epsilon = 0.100)
BETTER TREE FOUND at iteration 63: -92270.232
Estimate model parameters (epsilon = 0.100)
BETTER TREE FOUND at iteration 66: -92208.792
Estimate model parameters (epsilon = 0.100)
BETTER TREE FOUND at iteration 68: -92208.350
Estimate model parameters (epsilon = 0.100)
BETTER TREE FOUND at iteration 69: -92124.621
Estimate model parameters (epsilon = 0.100)
BETTER TREE FOUND at iteration 70: -92092.992
Iteration 70 / LogL: -92092.992 / Time: 0h:2m:11s (0h:3m:10s left)
Estimate model parameters (epsilon = 0.100)
BETTER TREE FOUND at iteration 75: -92077.500
Estimate model parameters (epsilon = 0.100)
BETTER TREE FOUND at iteration 79: -92031.972
Iteration 80 / LogL: -92041.944 / Time: 0h:2m:37s (0h:3m:17s left)
Estimate model parameters (epsilon = 0.100)
BETTER TREE FOUND at iteration 83: -92025.601
Estimate model parameters (epsilon = 0.100)
BETTER TREE FOUND at iteration 85: -92003.678
Iteration 90 / LogL: -92012.609 / Time: 0h:2m:59s (0h:3m:11s left)
Estimate model parameters (epsilon = 0.100)
BETTER TREE FOUND at iteration 98: -92001.850
Iteration 100 / LogL: -92027.879 / Time: 0h:3m:25s (0h:3m:22s left)
Estimate model parameters (epsilon = 0.100)
BETTER TREE FOUND at iteration 103: -91995.491
Estimate model parameters (epsilon = 0.100)
BETTER TREE FOUND at iteration 104: -91875.414
Estimate model parameters (epsilon = 0.100)
BETTER TREE FOUND at iteration 107: -91854.960
Estimate model parameters (epsilon = 0.100)
BETTER TREE FOUND at iteration 108: -91806.884
Iteration 110 / LogL: -92102.697 / Time: 0h:3m:44s (0h:3m:21s left)
Estimate model parameters (epsilon = 0.100)
BETTER TREE FOUND at iteration 112: -91746.685
Estimate model parameters (epsilon = 0.100)
BETTER TREE FOUND at iteration 113: -91736.018
Estimate model parameters (epsilon = 0.100)
BETTER TREE FOUND at iteration 114: -91735.063
Estimate model parameters (epsilon = 0.100)
BETTER TREE FOUND at iteration 115: -91734.032
Estimate model parameters (epsilon = 0.100)
BETTER TREE FOUND at iteration 117: -91733.864
Iteration 120 / LogL: -91794.637 / Time: 0h:4m:6s (0h:3m:20s left)
Estimate model parameters (epsilon = 0.100)
BETTER TREE FOUND at iteration 122: -91733.072
Estimate model parameters (epsilon = 0.100)
BETTER TREE FOUND at iteration 123: -91733.027
Estimate model parameters (epsilon = 0.100)
BETTER TREE FOUND at iteration 124: -91732.108
Estimate model parameters (epsilon = 0.100)
BETTER TREE FOUND at iteration 127: -91719.388
Iteration 130 / LogL: -91720.478 / Time: 0h:4m:28s (0h:3m:22s left)
Estimate model parameters (epsilon = 0.100)
BETTER TREE FOUND at iteration 132: -91715.811
Estimate model parameters (epsilon = 0.100)
BETTER TREE FOUND at iteration 136: -91714.844
Iteration 140 / LogL: -91865.100 / Time: 0h:4m:57s (0h:3m:25s left)
Iteration 150 / LogL: -91794.775 / Time: 0h:5m:14s (0h:3m:1s left)
Iteration 160 / LogL: -91782.894 / Time: 0h:5m:35s (0h:2m:40s left)
Iteration 170 / LogL: -91719.933 / Time: 0h:5m:57s (0h:2m:19s left)
Estimate model parameters (epsilon = 0.100)
BETTER TREE FOUND at iteration 171: -91713.404
Iteration 180 / LogL: -91717.717 / Time: 0h:6m:23s (0h:3m:14s left)
Estimate model parameters (epsilon = 0.100)
BETTER TREE FOUND at iteration 189: -91710.574
Iteration 190 / LogL: -91718.308 / Time: 0h:6m:38s (0h:3m:28s left)
Iteration 200 / LogL: -91714.557 / Time: 0h:6m:55s (0h:3m:5s left)
Estimate model parameters (epsilon = 0.100)
BETTER TREE FOUND at iteration 208: -91708.654
Iteration 210 / LogL: -91762.195 / Time: 0h:7m:6s (0h:3m:19s left)
Iteration 220 / LogL: -91716.071 / Time: 0h:7m:22s (0h:2m:57s left)
Iteration 230 / LogL: -91717.164 / Time: 0h:7m:37s (0h:2m:35s left)
Iteration 240 / LogL: -91754.739 / Time: 0h:7m:58s (0h:2m:15s left)
Iteration 250 / LogL: -91710.714 / Time: 0h:8m:15s (0h:1m:55s left)
Estimate model parameters (epsilon = 0.100)
BETTER TREE FOUND at iteration 255: -91708.413
Iteration 260 / LogL: -91708.954 / Time: 0h:8m:35s (0h:3m:8s left)
Iteration 270 / LogL: -91728.123 / Time: 0h:8m:52s (0h:2m:48s left)
Iteration 280 / LogL: -91710.778 / Time: 0h:9m:5s (0h:2m:26s left)
Iteration 290 / LogL: -91712.352 / Time: 0h:9m:22s (0h:2m:6s left)
Iteration 300 / LogL: -91912.919 / Time: 0h:9m:36s (0h:1m:46s left)
Estimate model parameters (epsilon = 0.100)
BETTER TREE FOUND at iteration 309: -91707.450
Iteration 310 / LogL: -91709.321 / Time: 0h:9m:52s (0h:3m:9s left)
Iteration 320 / LogL: -91707.454 / Time: 0h:10m:8s (0h:2m:49s left)
Iteration 330 / LogL: -91708.321 / Time: 0h:10m:26s (0h:2m:30s left)
Iteration 340 / LogL: -91712.702 / Time: 0h:10m:42s (0h:2m:10s left)
Iteration 350 / LogL: -91708.440 / Time: 0h:11m:3s (0h:1m:52s left)
Iteration 360 / LogL: -91708.624 / Time: 0h:11m:27s (0h:1m:33s left)
Iteration 370 / LogL: -91718.420 / Time: 0h:11m:37s (0h:1m:13s left)
Iteration 380 / LogL: -91715.674 / Time: 0h:11m:47s (0h:0m:54s left)
Iteration 390 / LogL: -91728.410 / Time: 0h:11m:58s (0h:0m:35s left)
Iteration 400 / LogL: -91761.020 / Time: 0h:12m:8s (0h:0m:16s left)
Estimate model parameters (epsilon = 0.100)
BETTER TREE FOUND at iteration 407: -91694.803
Iteration 410 / LogL: -91856.727 / Time: 0h:12m:21s (0h:2m:55s left)
Iteration 420 / LogL: -91700.741 / Time: 0h:12m:32s (0h:2m:36s left)
Estimate model parameters (epsilon = 0.100)
BETTER TREE FOUND at iteration 422: -91691.186
Estimate model parameters (epsilon = 0.100)
BETTER TREE FOUND at iteration 424: -91690.741
Estimate model parameters (epsilon = 0.100)
BETTER TREE FOUND at iteration 427: -91665.315
Estimate model parameters (epsilon = 0.100)
BETTER TREE FOUND at iteration 428: -91663.488
Estimate model parameters (epsilon = 0.100)
BETTER TREE FOUND at iteration 429: -91614.001
Estimate model parameters (epsilon = 0.100)
BETTER TREE FOUND at iteration 430: -91610.801
Iteration 430 / LogL: -91610.801 / Time: 0h:12m:43s (0h:2m:57s left)
Estimate model parameters (epsilon = 0.100)
BETTER TREE FOUND at iteration 437: -91609.119
Estimate model parameters (epsilon = 0.100)
BETTER TREE FOUND at iteration 440: -91607.689
Iteration 440 / LogL: -91607.689 / Time: 0h:12m:55s (0h:2m:56s left)
Estimate model parameters (epsilon = 0.100)
BETTER TREE FOUND at iteration 444: -91606.475
Iteration 450 / LogL: -91613.700 / Time: 0h:13m:5s (0h:2m:44s left)
Estimate model parameters (epsilon = 0.100)
BETTER TREE FOUND at iteration 455: -91602.242
Iteration 460 / LogL: -91607.673 / Time: 0h:13m:14s (0h:2m:44s left)
Iteration 470 / LogL: -91602.709 / Time: 0h:13m:25s (0h:2m:26s left)
Estimate model parameters (epsilon = 0.100)
BETTER TREE FOUND at iteration 474: -91568.598
Estimate model parameters (epsilon = 0.100)
BETTER TREE FOUND at iteration 477: -91565.374
Iteration 480 / LogL: -91586.453 / Time: 0h:13m:35s (0h:2m:45s left)
Estimate model parameters (epsilon = 0.100)
BETTER TREE FOUND at iteration 485: -91561.865
Iteration 490 / LogL: -91867.275 / Time: 0h:13m:45s (0h:2m:40s left)
Estimate model parameters (epsilon = 0.100)
BETTER TREE FOUND at iteration 495: -91560.509
Estimate model parameters (epsilon = 0.100)
BETTER TREE FOUND at iteration 500: -91560.323
Iteration 500 / LogL: -91560.323 / Time: 0h:13m:55s (0h:2m:47s left)
Iteration 510 / LogL: -91560.513 / Time: 0h:14m:6s (0h:2m:29s left)
Iteration 520 / LogL: -91565.911 / Time: 0h:14m:16s (0h:2m:12s left)
Iteration 530 / LogL: -91566.133 / Time: 0h:14m:28s (0h:1m:54s left)
Estimate model parameters (epsilon = 0.100)
BETTER TREE FOUND at iteration 533: -91560.102
Iteration 540 / LogL: -91583.642 / Time: 0h:14m:38s (0h:2m:31s left)
Iteration 550 / LogL: -91618.101 / Time: 0h:14m:48s (0h:2m:14s left)
Iteration 560 / LogL: -91688.100 / Time: 0h:14m:59s (0h:1m:57s left)
Iteration 570 / LogL: -91568.278 / Time: 0h:15m:8s (0h:1m:40s left)
Iteration 580 / LogL: -91561.371 / Time: 0h:15m:19s (0h:1m:24s left)
Iteration 590 / LogL: -91563.047 / Time: 0h:15m:29s (0h:1m:7s left)
Iteration 600 / LogL: -91578.125 / Time: 0h:15m:39s (0h:0m:51s left)
Iteration 610 / LogL: -91791.465 / Time: 0h:15m:48s (0h:0m:35s left)
BETTER TREE FOUND at iteration 618: -91560.097
Iteration 620 / LogL: -91560.619 / Time: 0h:15m:58s (0h:2m:31s left)
Iteration 630 / LogL: -91572.689 / Time: 0h:16m:7s (0h:2m:15s left)
Iteration 640 / LogL: -91561.857 / Time: 0h:16m:18s (0h:1m:59s left)
Iteration 650 / LogL: -91595.006 / Time: 0h:16m:34s (0h:1m:44s left)
Iteration 660 / LogL: -91569.322 / Time: 0h:16m:50s (0h:1m:28s left)
Iteration 670 / LogL: -91563.701 / Time: 0h:17m:4s (0h:1m:13s left)
Iteration 680 / LogL: -91590.089 / Time: 0h:17m:16s (0h:0m:57s left)
Iteration 690 / LogL: -91574.830 / Time: 0h:17m:28s (0h:0m:42s left)
Iteration 700 / LogL: -91642.268 / Time: 0h:17m:39s (0h:0m:27s left)
Iteration 710 / LogL: -91565.331 / Time: 0h:17m:50s (0h:0m:12s left)
TREE SEARCH COMPLETED AFTER 719 ITERATIONS / Time: 0h:18m:0s

--------------------------------------------------------------------
|                    FINALIZING TREE SEARCH                        |
--------------------------------------------------------------------
Performs final model parameters optimization
Estimate model parameters (epsilon = 0.010)
1. Initial log-likelihood: -91560.097
Optimal log-likelihood: -91560.096
Proportion of invariable sites: 0.072
Gamma shape alpha: 0.241
Parameters optimization took 1 rounds (0.068 sec)
BEST SCORE FOUND : -91560.096
Total tree length: 472.944

Total number of iterations: 719
CPU time used for tree search: 2888.515 sec (0h:48m:8s)
Wall-clock time used for tree search: 1076.101 sec (0h:17m:56s)
Total CPU time used: 2896.995 sec (0h:48m:16s)
Total wall-clock time used: 1080.548 sec (0h:18m:0s)

===> START BOOTSTRAP REPLICATE NUMBER 2

Creating bootstrap alignment (seed: 347853)...
Creating fast initial parsimony tree by random order stepwise addition...
0.084 seconds, parsimony score: 26941 (based on 542 sites)

NOTE: 11 MB RAM (0 GB) is required!
Estimate model parameters (epsilon = 0.100)
1. Initial log-likelihood: -97086.590
2. Current log-likelihood: -95407.073
3. Current log-likelihood: -95356.803
4. Current log-likelihood: -95353.453
5. Current log-likelihood: -95353.017
Optimal log-likelihood: -95352.893
Proportion of invariable sites: 0.072
Gamma shape alpha: 0.241
Parameters optimization took 5 rounds (0.494 sec)
Wrote distance file to... 
Computing ML distances based on estimated model parameters...
Calculating distance matrix: done in 0.688436 secs using 323.7% CPU
Computing ML distances took 0.688834 sec (of wall-clock time) 2.229292 sec (of CPU time)
WARNING: Some pairwise ML distances are too long (saturated)
Setting up auxiliary I and S matrices: done in 0.00032115 secs using 209.2% CPU
Computing RapidNJ tree took 0.001250 sec (of wall-clock time) 0.002912 sec (of CPU time)
Log-likelihood of RapidNJ tree: -96206.606
--------------------------------------------------------------------
|             INITIALIZING CANDIDATE TREE SET                      |
--------------------------------------------------------------------
Generating 98 parsimony trees... 1.347 second
Computing log-likelihood of 98 initial trees ... 4.648 seconds
Current best score: -95127.277

Do NNI search on 20 best initial trees
Estimate model parameters (epsilon = 0.100)
BETTER TREE FOUND at iteration 1: -94475.938
Estimate model parameters (epsilon = 0.100)
BETTER TREE FOUND at iteration 6: -94369.552
Iteration 10 / LogL: -94559.926 / Time: 0h:18m:28s
Iteration 20 / LogL: -94611.996 / Time: 0h:18m:45s
Finish initializing candidate tree set (20)
Current best tree score: -94369.552 / CPU time: 42.017
Number of iterations: 20
--------------------------------------------------------------------
|               OPTIMIZING CANDIDATE TREE SET                      |
--------------------------------------------------------------------
Estimate model parameters (epsilon = 0.100)
BETTER TREE FOUND at iteration 23: -94264.344
Estimate model parameters (epsilon = 0.100)
BETTER TREE FOUND at iteration 24: -94256.546
Estimate model parameters (epsilon = 0.100)
BETTER TREE FOUND at iteration 26: -94165.619
Estimate model parameters (epsilon = 0.100)
BETTER TREE FOUND at iteration 27: -94159.471
Iteration 30 / LogL: -94253.560 / Time: 0h:19m:6s (0h:3m:38s left)
Estimate model parameters (epsilon = 0.100)
BETTER TREE FOUND at iteration 35: -94150.315
Estimate model parameters (epsilon = 0.100)
BETTER TREE FOUND at iteration 36: -94105.206
Iteration 40 / LogL: -94232.066 / Time: 0h:19m:21s (0h:3m:19s left)
Iteration 50 / LogL: -94184.493 / Time: 0h:19m:31s (0h:2m:39s left)
Iteration 60 / LogL: -94361.942 / Time: 0h:19m:49s (0h:2m:19s left)
Iteration 70 / LogL: -94108.250 / Time: 0h:20m:3s (0h:1m:57s left)
Iteration 80 / LogL: -94121.047 / Time: 0h:20m:19s (0h:1m:38s left)
Iteration 90 / LogL: -94177.522 / Time: 0h:20m:33s (0h:1m:19s left)
Iteration 100 / LogL: -94344.033 / Time: 0h:20m:46s (0h:1m:0s left)
Estimate model parameters (epsilon = 0.100)
BETTER TREE FOUND at iteration 102: -94105.166
Iteration 110 / LogL: -94117.039 / Time: 0h:20m:58s (0h:2m:30s left)
Iteration 120 / LogL: -94191.325 / Time: 0h:21m:11s (0h:2m:11s left)
Iteration 130 / LogL: -94110.916 / Time: 0h:21m:23s (0h:1m:52s left)
Iteration 140 / LogL: -94129.855 / Time: 0h:21m:34s (0h:1m:35s left)
Iteration 150 / LogL: -94115.481 / Time: 0h:21m:45s (0h:1m:18s left)
Iteration 160 / LogL: -94105.384 / Time: 0h:21m:56s (0h:1m:2s left)
Iteration 170 / LogL: -94168.056 / Time: 0h:22m:7s (0h:0m:46s left)
Iteration 180 / LogL: -94134.065 / Time: 0h:22m:20s (0h:0m:31s left)
Iteration 190 / LogL: -94106.160 / Time: 0h:22m:32s (0h:0m:17s left)
Iteration 200 / LogL: -94172.660 / Time: 0h:22m:42s (0h:0m:2s left)
TREE SEARCH COMPLETED AFTER 203 ITERATIONS / Time: 0h:22m:45s

--------------------------------------------------------------------
|                    FINALIZING TREE SEARCH                        |
--------------------------------------------------------------------
Performs final model parameters optimization
Estimate model parameters (epsilon = 0.010)
1. Initial log-likelihood: -94105.166
Optimal log-likelihood: -94105.165
Proportion of invariable sites: 0.072
Gamma shape alpha: 0.241
Parameters optimization took 1 rounds (0.061 sec)
BEST SCORE FOUND : -94105.165
Total tree length: 72.743

Total number of iterations: 203
CPU time used for tree search: 914.383 sec (0h:15m:14s)
Wall-clock time used for tree search: 282.276 sec (0h:4m:42s)
Total CPU time used: 3819.824 sec (1h:3m:39s)
Total wall-clock time used: 1366.048 sec (0h:22m:46s)

===> START BOOTSTRAP REPLICATE NUMBER 3

Creating bootstrap alignment (seed: 347854)...
Creating fast initial parsimony tree by random order stepwise addition...
0.071 seconds, parsimony score: 26112 (based on 520 sites)

NOTE: 10 MB RAM (0 GB) is required!
Estimate model parameters (epsilon = 0.100)
1. Initial log-likelihood: -93661.288
2. Current log-likelihood: -92154.433
3. Current log-likelihood: -92116.884
4. Current log-likelihood: -92114.652
5. Current log-likelihood: -92114.100
6. Current log-likelihood: -92113.906
Optimal log-likelihood: -92113.773
Proportion of invariable sites: 0.072
Gamma shape alpha: 0.241
Parameters optimization took 6 rounds (0.483 sec)
Wrote distance file to... 
Computing ML distances based on estimated model parameters...
Calculating distance matrix: done in 0.950358 secs using 234.7% CPU
Computing ML distances took 0.957912 sec (of wall-clock time) 2.250424 sec (of CPU time)
WARNING: Some pairwise ML distances are too long (saturated)
Setting up auxiliary I and S matrices: done in 0.000283003 secs using 86.92% CPU
Computing RapidNJ tree took 0.001195 sec (of wall-clock time) 0.001615 sec (of CPU time)
Log-likelihood of RapidNJ tree: -92429.029
--------------------------------------------------------------------
|             INITIALIZING CANDIDATE TREE SET                      |
--------------------------------------------------------------------
Generating 98 parsimony trees... 1.387 second
Computing log-likelihood of 98 initial trees ... 4.425 seconds
Current best score: -92086.368

Do NNI search on 20 best initial trees
Estimate model parameters (epsilon = 0.100)
BETTER TREE FOUND at iteration 1: -91384.235
Estimate model parameters (epsilon = 0.100)
BETTER TREE FOUND at iteration 7: -91374.970
Estimate model parameters (epsilon = 0.100)
BETTER TREE FOUND at iteration 9: -91350.915
Estimate model parameters (epsilon = 0.100)
BETTER TREE FOUND at iteration 10: -91342.569
Iteration 10 / LogL: -91342.569 / Time: 0h:23m:9s
Iteration 20 / LogL: -91405.895 / Time: 0h:23m:24s
Finish initializing candidate tree set (20)
Current best tree score: -91342.569 / CPU time: 35.755
Number of iterations: 20
--------------------------------------------------------------------
|               OPTIMIZING CANDIDATE TREE SET                      |
--------------------------------------------------------------------
Estimate model parameters (epsilon = 0.100)
BETTER TREE FOUND at iteration 24: -91264.839
Iteration 30 / LogL: -91370.328 / Time: 0h:23m:36s (0h:2m:44s left)
Estimate model parameters (epsilon = 0.100)
BETTER TREE FOUND at iteration 36: -91243.540
Estimate model parameters (epsilon = 0.100)
BETTER TREE FOUND at iteration 37: -91232.383
Iteration 40 / LogL: -91258.010 / Time: 0h:23m:48s (0h:2m:35s left)
Iteration 50 / LogL: -91307.697 / Time: 0h:24m:0s (0h:2m:12s left)
Estimate model parameters (epsilon = 0.100)
BETTER TREE FOUND at iteration 54: -91227.212
Estimate model parameters (epsilon = 0.100)
BETTER TREE FOUND at iteration 60: -91223.925
Iteration 60 / LogL: -91223.925 / Time: 0h:24m:11s (0h:2m:24s left)
Estimate model parameters (epsilon = 0.100)
BETTER TREE FOUND at iteration 61: -91194.610
Iteration 70 / LogL: -91239.598 / Time: 0h:24m:23s (0h:2m:8s left)
Iteration 80 / LogL: -91231.990 / Time: 0h:24m:32s (0h:1m:48s left)
Estimate model parameters (epsilon = 0.100)
BETTER TREE FOUND at iteration 87: -91187.769
Estimate model parameters (epsilon = 0.100)
BETTER TREE FOUND at iteration 88: -91174.756
Iteration 90 / LogL: -91188.558 / Time: 0h:24m:42s (0h:2m:8s left)
Estimate model parameters (epsilon = 0.100)
BETTER TREE FOUND at iteration 94: -91170.857
Iteration 100 / LogL: -91182.533 / Time: 0h:24m:56s (0h:2m:4s left)
Iteration 110 / LogL: -91170.879 / Time: 0h:25m:9s (0h:1m:50s left)
